<div class="from-mixin">yeah</div><div class="from-mixin">it works</div>
