<div class="foo"><h1>No name or abbreviation!</h1></div>
